
> cloth-erp-frontend@0.0.0 build
> vite build

[36mvite v7.3.1 [32mbuilding client environment for production...[36m[39m
transforming...
[32mΓ£ô[39m 1160 modules transformed.
node.exe : [31mΓ£ù[39m Build failed in 8.73s
At line:1 char:1
+ & "C:\Program Files\nodejs/node.exe" "C:\Program Files\nodejs/node_mo ...
+ ~~~~~~~~~~~~~~~~~~~~~~~~~~~~~~~~~~~~~~~~~~~~~~~~~~~~~~~~~~~~~~~~~~~~~
    + CategoryInfo          : NotSpecified: ([31mΓ£ù[39m Build failed in 8.73s:String) [], RemoteException
    + FullyQualifiedErrorId : NativeCommandError
 
[31merror during build:
[31m../../cloth-Inventory/frontend/src/modules/pricing/SchemeFormPage.jsx (20:20): "updateScheme" is not exported by 
"../../cloth-Inventory/frontend/src/modules/pricing/pricingSlice.js", imported by 
"../../cloth-Inventory/frontend/src/modules/pricing/SchemeFormPage.jsx".[31m
file: [36mC:/Users/hp/Desktop/cloth-Inventory/frontend/src/modules/pricing/SchemeFormPage.jsx:20:20[31m
[33m
18: import SaveOutlinedIcon from '@mui/icons-material/SaveOutlined';
19: import { useForm, Controller } from 'react-hook-form';
20: import { addScheme, updateScheme } from './pricingSlice';
                        ^
21: 
22: const toNum = (v, def = 0) => {
[31m
    at getRollupError 
(file:///C:/Users/hp/Desktop/cloth-Inventory/frontend/node_modules/rollup/dist/es/shared/parseAst.js:402:41)
    at error 
(file:///C:/Users/hp/Desktop/cloth-Inventory/frontend/node_modules/rollup/dist/es/shared/parseAst.js:398:42)
    at Module.error 
(file:///C:/Users/hp/Desktop/cloth-Inventory/frontend/node_modules/rollup/dist/es/shared/node-entry.js:17040:16)
    at Module.traceVariable 
(file:///C:/Users/hp/Desktop/cloth-Inventory/frontend/node_modules/rollup/dist/es/shared/node-entry.js:17452:29)
    at ModuleScope.findVariable 
(file:///C:/Users/hp/Desktop/cloth-Inventory/frontend/node_modules/rollup/dist/es/shared/node-entry.js:15070:39)
    at FunctionScope.findVariable 
(file:///C:/Users/hp/Desktop/cloth-Inventory/frontend/node_modules/rollup/dist/es/shared/node-entry.js:5673:38)
    at FunctionBodyScope.findVariable 
(file:///C:/Users/hp/Desktop/cloth-Inventory/frontend/node_modules/rollup/dist/es/shared/node-entry.js:5673:38)
    at ReturnValueScope.findVariable 
(file:///C:/Users/hp/Desktop/cloth-Inventory/frontend/node_modules/rollup/dist/es/shared/node-entry.js:5673:38)
    at FunctionBodyScope.findVariable 
(file:///C:/Users/hp/Desktop/cloth-Inventory/frontend/node_modules/rollup/dist/es/shared/node-entry.js:5673:38)
    at TrackingScope.findVariable 
(file:///C:/Users/hp/Desktop/cloth-Inventory/frontend/node_modules/rollup/dist/es/shared/node-entry.js:5673:38)[39m
